[40m[2J[40m

[8C[0;1;30m‹‹ﬂﬂﬂﬂﬂﬂﬂﬂﬂ‹‹
[6C‹ﬂ [0;31m‹‹[1;41m∞∞∞∞∞±±[0;31m‹‹ [1;30mﬂ‹
[5C‹ﬂ [41m  [31m∞∞±[0;31mﬂ [1mﬂ[41m∞≤±±∞[0;31m‹ [1;30mﬂ‹[16C‹‹‹‹
   ‹ﬂﬂ [41m±∞ [31m∞±[5C[40mﬂ[41m€€≤±∞[0;31m‹ [1;30mﬂ‹   ‹ﬂﬂﬂﬂ‹   ‹ﬂ [0;31m‹‹ [1;30mﬂ‹ ‹ﬂﬂﬂﬂﬂﬂﬂ‹[7C‹ﬂﬂﬂﬂ‹
   € [41m≤±  [31m∞∞[8C[40mﬂ[41m€≤±∞ [2C[30;40mﬂﬂﬂ [0;31m‹[1;41m±∞[0;31m‹ [1;30mﬂ‹ﬂ [0;31m‹[1;41m±∞ [0;31mﬂ  [1;30mﬂ [0;31m‹[41m [1m∞±±∞[0;31m‹ [1;30mﬂ‹‹ﬂﬂﬂﬂ [0;31m‹[1;41m±∞[0;31m‹ [1;30mﬂ‹
   € [41m≤≤∞ [31m∞∞±[9C€≤±∞ [1C[0;31mﬂ€‹[1;41m±±≤±±∞[5C[0;31mﬂﬂ[5C[1;30;41m∞ [31m∞[2C€≤±∞[4C[0;31mﬂ€‹[1;41m±±≤±±∞[1C[30;40mﬂ‹
   ﬂ‹ [41m≤≤∞ [31m∞∞[0;31m‹[7C[1;41m€≤≤±∞ [2C[30m∞ [0;31mﬂ  [1;41m≤±±∞[3C[40m‹[41m≤±∞[0;31m‹  [1;30;41m±∞ [4C[31m€≤≤∞[4C[30m∞ [0;31mﬂ  [1;41m≤±±∞[1C[30;40mﬂ‹
    ﬂ‹ [41m≤±∞ [31m∞∞±[5C€≤≤±∞ [2C[0;31m‹[1;30;41m±∞ [3C[0;31mﬂ[1;41m≤∞ [2C[30m∞[31m€≤±∞ [1C[30m≤±∞[5C[31m€≤±∞[2C[0;31m‹[1;30;41m±∞ [3C[0;31mﬂ[1;41m≤∞ [1C[30;40mﬂ‹
[5Cﬂ‹ [41m≤±∞ [31m∞∞±[3C€≤≤∞ [0;31mﬂ   [1;30;41m±∞  [3C[31m€≤±∞ [1C ≤±∞ [3C[30m≤±∞[3C[31m€≤±±∞[2C[30m±∞  [3C[31m€≤±∞ [1C[30;40m€
[6Cﬂ‹ ﬂ[41m≤∞   [31m∞[0;31m‹ ﬂ[1;41m≤ [0;31mﬂ   [1;30m‹[41m≤± [0;31mﬂ   [1;41m€€≤±∞ [1C[0;31mﬂ[1;41m±∞ [2C[30;40m‹  [0;31mﬂ[1;30;41m±∞ [31m∞±±∞[0;31mﬂ [1;30m‹[41m≤± [0;31mﬂ   [1;41m€€≤±∞ [1C[30;40m€
[8Cﬂ‹‹‹‹‹‹‹‹‹‹‹‹‹ﬂﬂ‹‹‹‹‹‹  [31;41m€€≤≤±∞ [2C[30;40m‹‹‹‹ﬂ ﬂﬂ‹‹‹‹‹‹‹‹‹‹‹‹‹‹‹  [31;41m€€≤≤±∞ [1C[30;40m€
[30Cﬂ‹ [31mﬂ[41m≤±∞[0;31mﬂ [1;30m‹ﬂ[23Cﬂ‹ [31mﬂ[41m≤±∞[0;31mﬂ [1;30m‹ﬂ
[11C( [0mO N [1mi [0mO N [1;30m)[8Cﬂ‹‹‹‹‹ﬂ[27Cﬂ‹‹‹‹‹ﬂ

.[0mVGA, ANSi, Coding, Loaders, Demos, Couriering, ASCii, Gambling, Produce Sales,[1;30m..[0mRobotics, Janitorial Services, Windows De-Installation, Farm Equipment Repair,[1;30m...[0mFloor Waxing, Phreaking, Cellular Phone Adjustment, Roofing, Tax Form Help,[1;30m............. [0mAnd much more.  ONiON - The only group that does it all. [1;30m............
[44C.......[0mANUBiS-5: ONiON Ansi Artist[0m
