                                                                      



[48C[0;1mЯ
    ЬЯЯЯЯЬ[6CЬЬЬЬ[12CЬЬЬ[10CЬЯ
   Ы[10CЬЯ    Я   Ь ЬЬЬЯЯЯ ЬЯ   Ь[5CЫ
  Ы[5CЬ ЯЬ Ы[17CЬЯ    Ы[5CЫ[5C[34mЫЫЫЫЫ±   ЫЫЫЫЫ±[5CЫЫЫЫЫЫ±
 [37mЫ[10CЫ[6CЬЬЯЯЯЬ Ы  ЬЯ[7CЯЬ   Ы[5C[34mЫЫ±  ЫЫ± ЫЫ   ЫЫ± ЫЫ±
[37mЬЯ[10CЫ[5CЫ[6CЫ    ЯЯЯЯЬЬЬ   ЯЬ Ы[5C[34mЫЫЫЫЫ±   ЫЫЫЫЫ±[5CЫЫЫЫ±
[37mЫ[10CЫ  Я   Ы[5CЬ Ы[10CЫ    Ы[6C[34mЫЫ±  ЫЫ± ЫЫ   ЫЫ±[7CЫЫ±
 [37mЫ[12CЫ    ЯЬЬЬЯ   Ы[13CЫ[7C[34mЫЫЫЫЫ±   ЫЫЫЫЫ±   ЫЫЫЫЫЫ±
  [37mЯЯЬЬЬЬЬЬЬЬЬЯ[18CЬЬЬЬЯЯЯЯЯ
[44CHome [31mof [32ma [33mMad [35mGeneration

юююююююююююююююююююююююююююююююююююююююююююююююююююююююююююююююююююююююююююююююююю [44m                                                                          [1C[40mюююю [44m                     [33mCRAZY BBS wishes you good night!        [40m
[A[64C[44m             [1C[35;40mюююю [44m                                                                          [1C[40mюююююююююююююююююююююююююююююююююююююююююююююююююююююююююююююююююююююююююююююююююю
[36mЏЁ¦©ЁЈ¦љг “§¦«е«ўа¤ Јњ ANSI:
  ЂўвҐћЄ 'Morgul' •¦з®¦¬ўЄ

[0m
