      
[0m[2J[34;47mß ß ß ß ß ß ß ß ß ß ß ß ß ß ß ß ß ß ß ß ß ß ß ß ß ß ß ß ß ß ß ß ß ß ß Ü
ß [1;35;40m  ÜÜÜÜ ÜÜÜÜ    Ü   ÜÜÜÜÜÜ Ü[5CÜ [47m  [37mAir Mail               [0;30;47mÚÄÄÄÄÄÄ¿ [34mÜ
ß [1;35;40m Û[5CÛ   Û Üß ßÜ    Üß   ßÜ Üß  [47m  [0;34;47mChain Mail (AC 4)      [30m³[42m      [47m³ [34mÜ
ß [1;35;40m Û[5CÛßßßÜ ÛßßßÛ  Üß  [33mMail [35mÛ    [47m                         [0;30;47m³[1;36;42mÛ²± Üß[0;30;47m³ [34mÜ
ß [1;35;40m  ßßßß ß   ß ß   ß ßßßßßß    ß    [47m                         [0;30;47m³[1;36;42mÛÛÛ²±°[0;30;47m³ [34mÜ
ß [2C[1;33;40m¨æ«¬§¦  ˆ›¨¬£˜  €§¦¡˜«á©«˜©ª  [47m                         [0;30;47mÀÄÄÄÄÄÄÙ [34mÜ
ß [1C[1;33;40m–¬®˜©Ÿœ¤é¤ & ’¦¢¡ œ¤¦-¡Ÿ¦¬¢ ©«é¤ [47m      [37;40m R[34mead mail       [47m           [0;34;47mÜ
ß                                         [1;37;40m L[34meave a message [47m           [0;34;47mÜ
ß [41m  [1;37m† ˜¢¢¢¦š¨˜­å˜ «à¤ «¨¦­å£à¤ «¦¬ [47m      [40m N[34mew mail only   [47m           [0;34;47mÜ
ß [41m [1;37mˆ›¨ç£˜«¦ª  œ¢âš®œ«˜  ˜§æ «¦¤ €¨- [47m      [40m M[34main menu       [47m           [0;34;47mÜ
ß [41m [1;37m®å˜«¨¦ ‹å¢«¦ •˜£æ›¨˜¡˜. ’˜ §˜¨á- [47m                                  [0;34;47mÜ
ß [41m [1;37m§¦¤á ©˜ª ©«¤ ƒ œçŸ¬¤©.         [47m                           [0;30;47mMorgul [34mÜ
ß Ü Ü Ü Ü Ü Ü Ü Ü Ü Ü Ü Ü Ü Ü Ü Ü Ü Ü Ü Ü Ü Ü Ü Ü Ü Ü Ü Ü Ü Ü Ü Ü Ü Ü Ü

[0;1;5mVery Important:[0m
When éıleaving mail, aşûlways remember to û ò_¬ïkê û û ıéúğõùèìí éışûø*Úáøö÷ıé
ïkê carøefully Ûøşúûşéı ùõæûïk éı ûşûşéıéıéığõù nevéıer. õışûşéıù øõÒÓ‚²‘¨´
¹éıéışû²œ”ş Otherwise, you risk having your log-on erased.[0m
