[1C[0;1;44m [33m‹ћ ‰њЁ›¦©Ў¦§ Ўг Ђ©« Ўг „« Ёње ЏЁ¦®гЄ †ўњЎ«Ё¦¤. „§ Ў¦ ¤а¤еЄ & „¤ћЈвЁа©ћЄ [40m
[44C[34mЬЬЬ
[7C[33mЬЫЫЫЫЫЫЫЫЫЫЫЫЬЫЫЫЫ  ЬЫЫЫЫЫЫЫЫЫЫЫЫЬ   [34mЫЫЫЫЫЫЫЫЫЫЫ[0;30;44mЯ[1C[1;33;40mЬЫЫЫЫЫЫЫЫЫЫЫЫЬ
[7CЫЫЫЫ[43mЯЯЯЯЯЯЯЯЯ[40mЫЫЫЫЫ[0;33mЫ [1mЫЫЫ[43mЯЯЯЯЯЯЯЯ[40mЫЫЫ[0;33mЫ  [1;34mЫЫЫ[44mЯЯЯЯЯЯЯЯ [1C[33;40mЫЫЫ[43mЯЯЯЯЯЯЯЯ[40mЫЫЫ[0;33mЫ
[7C[1mЫЫЫЫ[43m [9C[40mЫЫЫЫ[0;33mЫ  [30;43mЬЬЬ[7C[1;33;40mЫЫЫ[0;33mЫ  [1;34mЫЫЫ[44m [9C[33;40mЫЫЫ[0;33mЫ[7C[1mЫЫЫ[0;33mЫ
[7C[1mЫЫЫЫ[43m [9C[40mЫЫЫЫ[0;33mЫ [1mЬЫЫЫЫЫЫЫЫЫЫЫЫЫ[0;33mЫ  [1;34mЫЫЫ[44m [9C[33;40mЫЫЫЫЫЫЫЫЫЫЫЫЫЫ[0;33mЫ
[7C[1mЫЫЫЫЫЫЫЫЫЫЫЫЫЫЫЫЫЫ[0;33mЫ [1mЫЫЫ[43mЯЯЯЯЯЯЯЯ[40mЫЫЫ[0;33mЫ  [1;34mЫЫЫ[44m [9C[33;40mЫЫЫ[43mЯЯЯЯЯЯЯЯЯЯ[0;30;43mЯЬ[40m
[8C[1;33mЯ[43mЯЯЯЯЯЯЯЯЯЯЯЯ[40mЫЫЫЫ[0;33mЫ [1mЫЫЫ[0;33mЫ[7C[1mЫЫЫ[0;33mЫ  [1;34mЫЫЫ[44m [9C[33;40mЫЫЫ[0;33mЫ[7C[1mЬЬЬ
[21CЫЫЫЫ[0;33mЫ [1mЫЫЫЫЫЫЫЫЫЫЫЫЫЫЫ[0;33mЬ [1;34mЫЫЫЫ[0;30;44mЯ[8C[1;33;40mЫЫЫЫЫЫЫЫЫЫЫЫЫЫ[0;33mЫ
[7C[1mЬЬЬЬ[10CЫЫЫЫ[0;33mЫ  [1mЯ[43mЯЯЯЯЯЯЯЯ[0;30;43mЯ[1;33;40mЯ[43mЯЯЯ[0;33mЫ  [1;34mЯ[44mЯЯ [9C[33;40mЯ[43mЯЯЯЯЯЯЯЯЯЯЯ[0;30;43mЯЬ[40m
[7C[1;33mЫЫЫЫЫЫЫЫЫЫЫЫЫЫЫЫЫЫ[43m [40m
[8CЯ[43mЯЯЯЯЯЯЯЯЯЯЯЯЯЯЯ[0;30;43mЯЬ[44m [1;33mGreek Advanced Telecommunication Environment [40m
