[0m[2J[1;1H[0;25;37;40m
[19Cммммлллллллмм
[15Cммлллллллллллллллллмм
[12Cммллллллллллллллллллллллл
[10Cмллллллллллллллллллллп   пплн
[8Cмллллллллллллллллллллллллмм   п
[7Cлллллллллллллллллллллллллллл  л
[6Cлллллллллллллллллллллллллллллл  лл
[5Cмллллллллллллллллллллллллллллллл лллл
[5Cлллллллллллллллллллллллллллллллл лллл
    оллллллллллллллллллллллллллллллллл лллл
    оллллллллллллллллллллллллллллллллл ллллл
[5Cлллллллллп плллллллллллллллллллллл лллл
[6Cлллллллн    плллллллллллллллллллл лллл[25CА
[6Cоллллллн[6Cпллллллллллллллллллллллл[7CАА[16CА
[7Cлллллол[8Cпллллллллллллллллллллл    ВБАА[16CАА
[7Cолллнол[11Cпплллллллллллллллллн  ВБ[19CА
[8Cпплл лн[14Cпплллллллллллллл ББ[20CАА
[11Cп  пм[17Cпплллллллллл ВББААА[16CАА
[36Cплллллллл ББАА[17CА
[22Cппмммм[11CллллллнБББ[10Cмм п  ААА
[26Cпппллмммм[5CлллллнБ  мммммллллпп[5CАА
[16Cон[14Cпп[6Cлллллл Б   пппп[8CААА
[15Cмллм[16Cмммлллллллл Б[14CААА
[10Cм ммллллллмм[5Cммммллллллллллллллл ВБ[11CАААА
[10Cлллллллллллллллллллллллллллллллллллл ВВБББА    АААА ААА АА
[11Cлллллллллллллллллллллллллллолллллллл ВВББББААААААААА АА
[11Cоллллллллллллллллллллллллл ллллллллл ВВВВБББАААААААААААА
[11Cллллллллллллллллллллллллл лллллллллл ВВВББАААААААААААА
[12Cплллллллллллллллллллллл плллллллллл ВВВББББААААААААА А
[15Cллллллллллллллллллл   ппп   пллл ВВВВББББАААААА
[16Cпллллллп  плллллп  лллммм ммм   ВВВВБББББААА
[18Cплллмм    ппп   ллллллллллллл ВВВВВББАААА
[21Cпп[9Cмлллллллллллллл ВВВВБББАААААА
[22Cм[5CdsмллллллллллллллллнВВББББААААААААА[6Cммп
[16Cмм ммлммм   лллллллллллллллллллн ВБББББААААА[5Cмммлмлммм
[9Cммммллллллллплллп   ллллллллллллллллллл БББААААА ммммллллллп плллл
[10Cплллллп  п млп[6Cпплллллллллллллллл ББА[7Cплллллпп[5Cпллл
[12Cллл    ўпп[9Cмм м пппллллллллл Б[11Cллл[9Cллл
[12Cллл[15Cоллол ол  мм  м  м[13Cллл[10Cллн
[12Cолл    ммм[9Cпнллнллл ллноллол[13Cолл[10Cлл
[9Cмллолл ллллп п[10Cплнлллоллл лл лн[12Cолл[10Cлл
[9Cпм олл  ппн[14Cп  лл ллл ллнл[13Cолл[9Cллн
[12Cолл[23Cп  лл ллнл[13Cолл[8Cмлл
[12Cоллн[6Cм[19Cп  л н[13Cоллн[6Cмлл
[10Cм оллл ммм полм мм[5Cп[15Cммммммп[5Cоллл ммм полл
[5Cппллпм оллллмллллллллм пмллммллллллллплллллллллллммм   оллллмлллллллнм
[5Cпм лллн лллллпппппллл  млпллплппппплппплллллп мллллллл  лллллпппппллл
    А    лоп лпп[6Cпп   п[28Cп лп лпп[6Cпп
[5CАА  ў E   T   E   R   N   A   L[7CD   A   R   K   N   E   S   S  А
[5CААА[64CААА
[5CАА[66CАА
[5CБА    љњ RuNNiNG NeWST PCBoARD[9CEaSY RaTioz FoR Kewl LDS њљ  АБ
    ББАА   љњ 0-2 Dayz Warez[16CLaserQuest IHQњљ[13CББ
    БББ    љњ ENTRoPY Israely HQ[12CNo NuP њљ[20CББ
    оВБ    љњ SiLLy Memberboard[13CiiT Memberboard[13CоБВ
    оВВ    љњ Lucretia Member[15CMod Project Memberboard[5CоВн
    олВ    љњ tQ Memberboard[44CВВн
[5Cллн[18CФФ SysGoD : Sgt.Slaughter ФФФ[17CВп
[6Cппмм[17CФ CoSyS  : MaSTeR BLaSTeR Ф[14Cмммп
[10Cпппмм м[21CDistorTion[16Cп ппп
[38CJugler






