[2J[0;1;47m [0;1;47mЪДДДДДДДДДДДДДДДДДДДДДДДДДДДДДДДДДДДДДДДДДДДДДДДДДДДДДДДДДДДДДДДДДДДДДДДДДДД[30mї [40m
[47m [37mі                     [0;30;47m‹ћ ‰њЁ›¦©Ў¦§ Ўг Ђ©« Ўг „« Ёње                       [1mі [40m
[47m [37mі             [0;30;47mЏЁ¦®гЄ †ўњЎ«Ё¦¤ ЎгЄ „§ Ў¦ ¤а¤еЄ Ў  „¤ћЈвЁа©ћЄ              [1mі [40m
[47m [37mі                        ѓеЎ«¬¦ [34mAcroBase [37m& [33mG[37m.[33mA[37m.[0;34;47mT[1;37m.[33mE[37m.                         [30mі [40m
[47m [37mА[30mДДДДДДДДДДДДДДДДДДДДДДДДДДДДДДДДДДДДДДДДДДДДДДДДДДДДДДДДДДДДДДДДДДДДДДДДДДДЩ [40m

[20C[47m [37mЪДДДДДДДДДДДДДДДДДДДДДДДДДДДДДДДДДДД[30mї [40m
[20C[47m [37mі     [0;30;47m”аЎ.ЊвљЁћ 62 Ђџг¤ 11 361     [1mі [40m
[20C[47m [37mі           [0;30;47m’ћў. 2111709            [1mі [40m
[20C[47m [37mі    [0;30;47mЂ”‹ 90176628  €ѓ ѓЋ“ Ђџћ¤й¤    [1mі [40m
[20C[47m [37mА[30mДДДДДДДДДДДДДДДДДДДДДДДДДДДДДДДДДДДЩ [40m
[61C[34mЬЬ
 [36mЬЬЬЬЬЬЬЬЬЬЬЬЬЬЬ ЫЫЫ ЬЬЬЬЬЬЬЬЬЬЬ[5C[33mЬЫЫЫЫЫЫЫЫЬЫЫ ЬЫЫЫЫЫЫЫЫЬ [34mЫЫЫЫЫЫЫЫ[33mЬЫЫЫЫЫЫЫЫЬ
 [36mЫЫЫЫЫЫЫЫЫЫЫЫЫЫЫ ЫЫЫ ЫЫЫЫЫЫЫЫЫЫЫ[5C[33mЫЫ[7CЯЫЫ ЯЯ[6CЫЫ [34mЫЫ[6C[33mЫЫ[6CЫЫ
 [36mЫЫЫ[9CЫЫЫ ЫЫЫ[9CЫЫЫ[5C[33mЫЫ[8CЫЫ  ЬЬЬЬЬЬЬЫЫ [34mЫЫ[6C[33mЫЫЬЬЬЬЬЬЫЫ
 [36mЫЫЫ[9CЫЫЫ ЫЫЫ[9CЫЫЫ[5C[33mЫЫ[8CЫЫ ЫЫЯЯЯЯЯЯЫЫ [34mЫЫ[6C[33mЫЫЯЯЯЯЯЯЯ
 [36mЫЫЫ[9CЫЫЫ ЫЫЫ[9CЫЫЫ[5C[33mЯЫЫЫЫЫЫЫЫЫЫЫ ЫЫ[6CЫЫ [34mЫЫ[6C[33mЫЫ[6CЬЬ
 [36mЫЫЫЬЬЬЬЬЬЬЬ ЫЫЫ ЫЫЫЬЬЬЬЬЬЬЬЬЫЫЫ[15C[33mЫЫ ЯЫЫЫЫЫЫЫЯЫЫ [34mЫЫ[5C[33mЯЫЫЫЫЫЫЫЫЯ
 [36mЫЫЫЫЫЫЫЫЫЫЫ ЫЫЫ ЫЫЫЫЫЫЫЫЫЫЫЫЫЫЫ[5C[33mЫЫЬЬЬЬЬЬЬЬЫЫ[34mЬЬЬЬЬЬЬЬЬЬЬЬЬЬЬЬЬЬЬЬЬЬЬЬЬЬЬЬЬЬ
[13C[36mЯЯЯ[22C[33mЯЯЯЯЯЯЯЯЯЯ [34mЯЯЯЯЯЯЯЯЯЯЯЯЯЯЯЯЯЯЯЯЯЯЯЯЯЯЯЯЯЯ
[2J
[31m!FД
!C[37mѓ ¦ Ўћ« Ўж ‘¬Ј™¦зў ¦
‘. •Јж›ЁЎЄ, Ђ. ‹¦зЎЄ, Ѓ. ‹§ўбџЁЄ, Ђ. •¦з®¦¬ўЄ Ў  Љ. ‹¤е¦Є!)
[33m!FД

[11C[36mЬЬ
 ЫЫЫЫЫЫЫЫЫ ЫЫ ЫЫЫЫЫЫ[22CA C R O B A S E
 ЫЫ[5CЫЫ ЫЫ[5CЫЫ[7C[31mДДДДДДДДДДДДДДДДДДДДДДДДДДДДДДДДДДДДДДДДДДДДД
 [36mЫЫ[5CЫЫ ЫЫ[5CЫЫ[9C[37m•њ Ё ©«гЄ ‘¬©«гЈ«¦Є: ‘«вў ¦Є •Јж›ЁЎЄ
 [36mЫЫЫЫЫЫ ЫЫ ЫЫЫЫЫЫЫЫЫ[9C[37mInternet: shamod@@leon.nrcps.ariadne-t.gr
[8C[36mЯЯ

!C[33m„§е« Ј¦  •њ Ё ©«вЄ
[37m‚ б¤¤ћЄ ѓњЈеЁћЄ, ‘§зЁ¦Є ѓњ¬«њЁе¦Є, ‚ йЁљ¦Є ‘§ћў й«ћЄ,
ѓћЈг«ЁћЄ ѓвўў ¦Є, ЂўвҐ¤›Ё¦Є ‹¦зЎЄ
!FД

[33mRemote •њ Ё ©«вЄ

!)[37mЃљљвўћЄ ‹§ўбџЁЄ[14CЂўвҐ ¦Є •¦з®¦¬ўЄ[15CЉ¦¬ЎбЄ ‹¤е¦Є
    [36mVagelis[25CMorgul[25CQluser
!)

  [33m„ўв¤ћ Њ«™в[6C‘§зЁ¦Є ’©њЁй¤ћЄ[5C‰а©«гЄ ЏЁ©бЄ[10CЏ¤. ‰ЁЈ§вЁћЄ
[5C[36mHelen[14CFredy[15CKiwi[18CDillinger

[32m‚ йЁљ¦Є ‰§¤ бЄ    ‹ ®.Џ¤љ а«бЎћЄ   Ѓ©.ѓ Ј¤«ж§¦¬ў¦Є[7CЂ§¦©«.‰«©ћ¤еЎЄ
    [36mDrdoom[13CMonster[14CHot[21CAlan

[20C[35mЏв«Ё¦Є ’©¤«¦зўћЄ    ЃљљвўћЄ ђжЎЄ
[24C[36mStanley[14CValis
